Job:  pre_paper_presplit  (9996)
Node: hendrixgpu02fl.unicph.domain
GPUs: 0
[2026-05-26 12:12:12,585][HYDRA] Launching 2 jobs locally
[2026-05-26 12:12:12,585][HYDRA] 	#0 : model.name=resnet101 data_loader.pmg_negative_mode=paper data_loader.balance_mode=pre_split
Cross-validation on preprocessed data: data/PPMR_default
Fold 1/5 — train: 6076 slices (65 patients), val: 1001 slices (11 patients), test: 1957 slices (20 patients)

============================================================
  FOLD 1 / 5
============================================================
Using device: cuda
Built resnet101 — dropout_p=0.5, freeze_backbone=True
Samples — train: 6076, val: 1001, test: 1957
Epoch 1/20 — Train Loss: 0.1882  Acc: 0.9376 | Val Loss: 0.1390  Acc: 0.9451 | Test Loss: 0.0439  Acc: 0.9974
Epoch 2/20 — Train Loss: 0.0680  Acc: 0.9778 | Val Loss: 0.1463  Acc: 0.9301 | Test Loss: 0.0298  Acc: 0.9959
Epoch 3/20 — Train Loss: 0.0477  Acc: 0.9840 | Val Loss: 0.2937  Acc: 0.8831 | Test Loss: 0.0381  Acc: 0.9888
Epoch 4/20 — Train Loss: 0.0420  Acc: 0.9870 | Val Loss: 0.0897  Acc: 0.9620 | Test Loss: 0.0299  Acc: 0.9898
Epoch 5/20 — Train Loss: 0.0366  Acc: 0.9885 | Val Loss: 0.1624  Acc: 0.9221 | Test Loss: 0.0181  Acc: 0.9954
Epoch 6/20 — Train Loss: 0.0315  Acc: 0.9898 | Val Loss: 0.1920  Acc: 0.9121 | Test Loss: 0.0204  Acc: 0.9949
Epoch 7/20 — Train Loss: 0.0394  Acc: 0.9868 | Val Loss: 0.1742  Acc: 0.9171 | Test Loss: 0.0211  Acc: 0.9934
Epoch 8/20 — Train Loss: 0.0283  Acc: 0.9926 | Val Loss: 0.1699  Acc: 0.9181 | Test Loss: 0.0198  Acc: 0.9959
Epoch 9/20 — Train Loss: 0.0580  Acc: 0.9773 | Val Loss: 0.1497  Acc: 0.9321 | Test Loss: 0.0105  Acc: 0.9974
Epoch 10/20 — Train Loss: 0.0277  Acc: 0.9924 | Val Loss: 0.1529  Acc: 0.9311 | Test Loss: 0.0107  Acc: 0.9985
Epoch 11/20 — Train Loss: 0.0292  Acc: 0.9914 | Val Loss: 0.1055  Acc: 0.9600 | Test Loss: 0.0160  Acc: 0.9980
Epoch 12/20 — Train Loss: 0.0297  Acc: 0.9906 | Val Loss: 0.0988  Acc: 0.9650 | Test Loss: 0.0118  Acc: 0.9985
Epoch 13/20 — Train Loss: 0.0301  Acc: 0.9898 | Val Loss: 0.0664  Acc: 0.9770 | Test Loss: 0.0189  Acc: 0.9959
Epoch 14/20 — Train Loss: 0.0254  Acc: 0.9921 | Val Loss: 0.0515  Acc: 0.9870 | Test Loss: 0.0173  Acc: 0.9959
Epoch 15/20 — Train Loss: 0.0283  Acc: 0.9903 | Val Loss: 0.1229  Acc: 0.9461 | Test Loss: 0.0262  Acc: 0.9939
Epoch 16/20 — Train Loss: 0.0212  Acc: 0.9939 | Val Loss: 0.2201  Acc: 0.9061 | Test Loss: 0.0196  Acc: 0.9944
Epoch 17/20 — Train Loss: 0.0275  Acc: 0.9900 | Val Loss: 0.1101  Acc: 0.9510 | Test Loss: 0.0118  Acc: 0.9985
Epoch 18/20 — Train Loss: 0.0207  Acc: 0.9926 | Val Loss: 0.2299  Acc: 0.9071 | Test Loss: 0.0220  Acc: 0.9918
Epoch 19/20 — Train Loss: 0.0250  Acc: 0.9921 | Val Loss: 0.0885  Acc: 0.9620 | Test Loss: 0.0083  Acc: 0.9990
Epoch 20/20 — Train Loss: 0.0247  Acc: 0.9913 | Val Loss: 0.1490  Acc: 0.9331 | Test Loss: 0.0102  Acc: 0.9969
Saved best checkpoint  → /home/sxz518/PMG/results/checkpoints/crossvalidation/resnet101_preprocessed_fold1_best.pt
Saved final checkpoint → /home/sxz518/PMG/results/checkpoints/crossvalidation/resnet101_preprocessed_fold1_final.pt
Saved metrics CSV      → /home/sxz518/PMG/results/metrics/crossvalidation/resnet101_preprocessed_fold1_metrics.csv
Fold 2/5 — train: 6264 slices (65 patients), val: 1000 slices (12 patients), test: 1770 slices (19 patients)

============================================================
  FOLD 2 / 5
============================================================
Using device: cuda
Built resnet101 — dropout_p=0.5, freeze_backbone=True
Samples — train: 6264, val: 1000, test: 1770
Epoch 1/20 — Train Loss: 0.1693  Acc: 0.9462 | Val Loss: 0.0830  Acc: 0.9820 | Test Loss: 0.0737  Acc: 0.9785
Epoch 2/20 — Train Loss: 0.0715  Acc: 0.9765 | Val Loss: 0.0506  Acc: 0.9880 | Test Loss: 0.0502  Acc: 0.9859
Epoch 3/20 — Train Loss: 0.0513  Acc: 0.9855 | Val Loss: 0.0384  Acc: 0.9890 | Test Loss: 0.0304  Acc: 0.9955
Epoch 4/20 — Train Loss: 0.0427  Acc: 0.9867 | Val Loss: 0.0304  Acc: 0.9920 | Test Loss: 0.0282  Acc: 0.9960
Epoch 5/20 — Train Loss: 0.0363  Acc: 0.9904 | Val Loss: 0.0810  Acc: 0.9730 | Test Loss: 0.0933  Acc: 0.9621
Epoch 6/20 — Train Loss: 0.0393  Acc: 0.9867 | Val Loss: 0.0338  Acc: 0.9880 | Test Loss: 0.0287  Acc: 0.9938
Epoch 7/20 — Train Loss: 0.0365  Acc: 0.9882 | Val Loss: 0.0434  Acc: 0.9830 | Test Loss: 0.0226  Acc: 0.9955
Epoch 8/20 — Train Loss: 0.0423  Acc: 0.9844 | Val Loss: 0.0343  Acc: 0.9880 | Test Loss: 0.0213  Acc: 0.9966
Epoch 9/20 — Train Loss: 0.0317  Acc: 0.9895 | Val Loss: 0.0237  Acc: 0.9960 | Test Loss: 0.0237  Acc: 0.9932
Epoch 10/20 — Train Loss: 0.0267  Acc: 0.9915 | Val Loss: 0.0474  Acc: 0.9820 | Test Loss: 0.0169  Acc: 0.9966
Epoch 11/20 — Train Loss: 0.0271  Acc: 0.9923 | Val Loss: 0.0235  Acc: 0.9910 | Test Loss: 0.0207  Acc: 0.9944
Epoch 12/20 — Train Loss: 0.0344  Acc: 0.9888 | Val Loss: 0.0316  Acc: 0.9870 | Test Loss: 0.0221  Acc: 0.9955
Epoch 13/20 — Train Loss: 0.0310  Acc: 0.9904 | Val Loss: 0.0240  Acc: 0.9900 | Test Loss: 0.0206  Acc: 0.9966
Epoch 14/20 — Train Loss: 0.0404  Acc: 0.9852 | Val Loss: 0.0221  Acc: 0.9960 | Test Loss: 0.0331  Acc: 0.9904
Epoch 15/20 — Train Loss: 0.0250  Acc: 0.9928 | Val Loss: 0.0307  Acc: 0.9880 | Test Loss: 0.0380  Acc: 0.9859
Epoch 16/20 — Train Loss: 0.0221  Acc: 0.9930 | Val Loss: 0.0192  Acc: 0.9950 | Test Loss: 0.0337  Acc: 0.9887
Epoch 17/20 — Train Loss: 0.0273  Acc: 0.9915 | Val Loss: 0.0294  Acc: 0.9890 | Test Loss: 0.0299  Acc: 0.9887
Epoch 18/20 — Train Loss: 0.0267  Acc: 0.9911 | Val Loss: 0.0164  Acc: 0.9980 | Test Loss: 0.0280  Acc: 0.9938
Epoch 19/20 — Train Loss: 0.0244  Acc: 0.9922 | Val Loss: 0.0155  Acc: 0.9970 | Test Loss: 0.0328  Acc: 0.9927
Epoch 20/20 — Train Loss: 0.0359  Acc: 0.9860 | Val Loss: 0.0231  Acc: 0.9940 | Test Loss: 0.0387  Acc: 0.9876
Saved best checkpoint  → /home/sxz518/PMG/results/checkpoints/crossvalidation/resnet101_preprocessed_fold2_best.pt
Saved final checkpoint → /home/sxz518/PMG/results/checkpoints/crossvalidation/resnet101_preprocessed_fold2_final.pt
Saved metrics CSV      → /home/sxz518/PMG/results/metrics/crossvalidation/resnet101_preprocessed_fold2_metrics.csv
Fold 3/5 — train: 5997 slices (65 patients), val: 1245 slices (12 patients), test: 1792 slices (19 patients)

============================================================
  FOLD 3 / 5
============================================================
Using device: cuda
Built resnet101 — dropout_p=0.5, freeze_backbone=True
Samples — train: 5997, val: 1245, test: 1792
Epoch 1/20 — Train Loss: 0.1213  Acc: 0.9668 | Val Loss: 0.5511  Acc: 0.8506 | Test Loss: 0.0261  Acc: 0.9961
Epoch 2/20 — Train Loss: 0.0282  Acc: 0.9932 | Val Loss: 1.0250  Acc: 0.7976 | Test Loss: 0.0372  Acc: 0.9894
Epoch 3/20 — Train Loss: 0.0167  Acc: 0.9965 | Val Loss: 0.8125  Acc: 0.8289 | Test Loss: 0.0156  Acc: 0.9972
Epoch 4/20 — Train Loss: 0.0185  Acc: 0.9952 | Val Loss: 0.8715  Acc: 0.8345 | Test Loss: 0.0101  Acc: 0.9989
Epoch 5/20 — Train Loss: 0.0127  Acc: 0.9970 | Val Loss: 1.1946  Acc: 0.8064 | Test Loss: 0.0248  Acc: 0.9911
Epoch 6/20 — Train Loss: 0.0140  Acc: 0.9967 | Val Loss: 0.8054  Acc: 0.8546 | Test Loss: 0.0093  Acc: 0.9978
Epoch 7/20 — Train Loss: 0.0197  Acc: 0.9945 | Val Loss: 0.8718  Acc: 0.8410 | Test Loss: 0.0080  Acc: 0.9983
Epoch 8/20 — Train Loss: 0.0141  Acc: 0.9953 | Val Loss: 1.3701  Acc: 0.7992 | Test Loss: 0.0330  Acc: 0.9877
Epoch 9/20 — Train Loss: 0.0220  Acc: 0.9935 | Val Loss: 1.0212  Acc: 0.8265 | Test Loss: 0.0086  Acc: 0.9978
Epoch 10/20 — Train Loss: 0.0162  Acc: 0.9957 | Val Loss: 0.7828  Acc: 0.8538 | Test Loss: 0.0126  Acc: 0.9961
Epoch 11/20 — Train Loss: 0.0096  Acc: 0.9975 | Val Loss: 1.2177  Acc: 0.8145 | Test Loss: 0.0169  Acc: 0.9927
Epoch 12/20 — Train Loss: 0.0127  Acc: 0.9957 | Val Loss: 1.0028  Acc: 0.8329 | Test Loss: 0.0064  Acc: 0.9994
Epoch 13/20 — Train Loss: 0.0153  Acc: 0.9963 | Val Loss: 0.7925  Acc: 0.8506 | Test Loss: 0.0068  Acc: 0.9989
Epoch 14/20 — Train Loss: 0.0135  Acc: 0.9963 | Val Loss: 1.1098  Acc: 0.8305 | Test Loss: 0.0072  Acc: 0.9994
Epoch 15/20 — Train Loss: 0.0105  Acc: 0.9963 | Val Loss: 1.0613  Acc: 0.8249 | Test Loss: 0.0081  Acc: 0.9983
Epoch 16/20 — Train Loss: 0.0081  Acc: 0.9980 | Val Loss: 1.2560  Acc: 0.8169 | Test Loss: 0.0059  Acc: 0.9989
Epoch 17/20 — Train Loss: 0.0195  Acc: 0.9937 | Val Loss: 1.2716  Acc: 0.8273 | Test Loss: 0.0071  Acc: 0.9978
Epoch 18/20 — Train Loss: 0.0124  Acc: 0.9962 | Val Loss: 1.5043  Acc: 0.8161 | Test Loss: 0.0164  Acc: 0.9927
Epoch 19/20 — Train Loss: 0.0104  Acc: 0.9963 | Val Loss: 0.9913  Acc: 0.8329 | Test Loss: 0.0050  Acc: 0.9989
Epoch 20/20 — Train Loss: 0.0102  Acc: 0.9968 | Val Loss: 1.0696  Acc: 0.8337 | Test Loss: 0.0053  Acc: 1.0000
Saved best checkpoint  → /home/sxz518/PMG/results/checkpoints/crossvalidation/resnet101_preprocessed_fold3_best.pt
Saved final checkpoint → /home/sxz518/PMG/results/checkpoints/crossvalidation/resnet101_preprocessed_fold3_final.pt
Saved metrics CSV      → /home/sxz518/PMG/results/metrics/crossvalidation/resnet101_preprocessed_fold3_metrics.csv
Fold 4/5 — train: 6323 slices (65 patients), val: 976 slices (12 patients), test: 1735 slices (19 patients)

============================================================
  FOLD 4 / 5
============================================================
Using device: cuda
Built resnet101 — dropout_p=0.5, freeze_backbone=True
Samples — train: 6323, val: 976, test: 1735
Epoch 1/20 — Train Loss: 0.1837  Acc: 0.9372 | Val Loss: 0.0612  Acc: 0.9887 | Test Loss: 0.0704  Acc: 0.9798
Epoch 2/20 — Train Loss: 0.0707  Acc: 0.9764 | Val Loss: 0.0425  Acc: 0.9939 | Test Loss: 0.0598  Acc: 0.9844
Epoch 3/20 — Train Loss: 0.0503  Acc: 0.9848 | Val Loss: 0.0740  Acc: 0.9744 | Test Loss: 0.0925  Acc: 0.9654
Epoch 4/20 — Train Loss: 0.0469  Acc: 0.9843 | Val Loss: 0.0159  Acc: 0.9990 | Test Loss: 0.0407  Acc: 0.9890
Epoch 5/20 — Train Loss: 0.0361  Acc: 0.9892 | Val Loss: 0.0167  Acc: 0.9990 | Test Loss: 0.0453  Acc: 0.9856
Epoch 6/20 — Train Loss: 0.0360  Acc: 0.9878 | Val Loss: 0.0199  Acc: 0.9990 | Test Loss: 0.0459  Acc: 0.9856
Epoch 7/20 — Train Loss: 0.0373  Acc: 0.9872 | Val Loss: 0.0174  Acc: 0.9959 | Test Loss: 0.0456  Acc: 0.9850
Epoch 8/20 — Train Loss: 0.0450  Acc: 0.9847 | Val Loss: 0.0314  Acc: 0.9898 | Test Loss: 0.0597  Acc: 0.9787
Epoch 9/20 — Train Loss: 0.0340  Acc: 0.9886 | Val Loss: 0.0116  Acc: 1.0000 | Test Loss: 0.0456  Acc: 0.9856
Epoch 10/20 — Train Loss: 0.0315  Acc: 0.9897 | Val Loss: 0.0599  Acc: 0.9846 | Test Loss: 0.0648  Acc: 0.9769
Epoch 11/20 — Train Loss: 0.0262  Acc: 0.9916 | Val Loss: 0.0239  Acc: 0.9949 | Test Loss: 0.0533  Acc: 0.9827
Epoch 12/20 — Train Loss: 0.0225  Acc: 0.9938 | Val Loss: 0.0391  Acc: 0.9867 | Test Loss: 0.0573  Acc: 0.9804
Epoch 13/20 — Train Loss: 0.0260  Acc: 0.9913 | Val Loss: 0.0060  Acc: 1.0000 | Test Loss: 0.0250  Acc: 0.9942
Epoch 14/20 — Train Loss: 0.0308  Acc: 0.9899 | Val Loss: 0.0180  Acc: 0.9959 | Test Loss: 0.0290  Acc: 0.9890
Epoch 15/20 — Train Loss: 0.0275  Acc: 0.9919 | Val Loss: 0.0145  Acc: 0.9949 | Test Loss: 0.0302  Acc: 0.9896
Epoch 16/20 — Train Loss: 0.0265  Acc: 0.9919 | Val Loss: 0.0275  Acc: 0.9939 | Test Loss: 0.0352  Acc: 0.9873
Epoch 17/20 — Train Loss: 0.0259  Acc: 0.9915 | Val Loss: 0.0310  Acc: 0.9898 | Test Loss: 0.0546  Acc: 0.9804
Epoch 18/20 — Train Loss: 0.0353  Acc: 0.9886 | Val Loss: 0.0919  Acc: 0.9703 | Test Loss: 0.1138  Acc: 0.9620
Epoch 19/20 — Train Loss: 0.0268  Acc: 0.9907 | Val Loss: 0.0257  Acc: 0.9969 | Test Loss: 0.0473  Acc: 0.9810
Epoch 20/20 — Train Loss: 0.0264  Acc: 0.9911 | Val Loss: 0.0102  Acc: 0.9980 | Test Loss: 0.0247  Acc: 0.9885
Saved best checkpoint  → /home/sxz518/PMG/results/checkpoints/crossvalidation/resnet101_preprocessed_fold4_best.pt
Saved final checkpoint → /home/sxz518/PMG/results/checkpoints/crossvalidation/resnet101_preprocessed_fold4_final.pt
Saved metrics CSV      → /home/sxz518/PMG/results/metrics/crossvalidation/resnet101_preprocessed_fold4_metrics.csv
Fold 5/5 — train: 6435 slices (65 patients), val: 819 slices (12 patients), test: 1780 slices (19 patients)

============================================================
  FOLD 5 / 5
============================================================
Using device: cuda
Built resnet101 — dropout_p=0.5, freeze_backbone=True
Samples — train: 6435, val: 819, test: 1780
Epoch 1/20 — Train Loss: 0.1117  Acc: 0.9713 | Val Loss: 0.0200  Acc: 0.9951 | Test Loss: 0.7418  Acc: 0.8292
Epoch 2/20 — Train Loss: 0.0226  Acc: 0.9939 | Val Loss: 0.0119  Acc: 0.9963 | Test Loss: 0.6743  Acc: 0.8635
Epoch 3/20 — Train Loss: 0.0168  Acc: 0.9963 | Val Loss: 0.0138  Acc: 0.9988 | Test Loss: 0.5602  Acc: 0.8803
Epoch 4/20 — Train Loss: 0.0148  Acc: 0.9969 | Val Loss: 0.0083  Acc: 0.9976 | Test Loss: 0.6110  Acc: 0.8758
Epoch 5/20 — Train Loss: 0.0119  Acc: 0.9977 | Val Loss: 0.0091  Acc: 1.0000 | Test Loss: 0.6328  Acc: 0.8792
Epoch 6/20 — Train Loss: 0.0263  Acc: 0.9905 | Val Loss: 0.0076  Acc: 0.9976 | Test Loss: 0.6846  Acc: 0.8865
Epoch 7/20 — Train Loss: 0.0105  Acc: 0.9970 | Val Loss: 0.0165  Acc: 0.9963 | Test Loss: 0.4738  Acc: 0.8949
Epoch 8/20 — Train Loss: 0.0111  Acc: 0.9970 | Val Loss: 0.0110  Acc: 0.9976 | Test Loss: 0.5659  Acc: 0.8871
Epoch 9/20 — Train Loss: 0.0175  Acc: 0.9938 | Val Loss: 0.0174  Acc: 0.9963 | Test Loss: 0.4559  Acc: 0.8994
Epoch 10/20 — Train Loss: 0.0110  Acc: 0.9966 | Val Loss: 0.0021  Acc: 1.0000 | Test Loss: 0.7729  Acc: 0.8820
Epoch 11/20 — Train Loss: 0.0196  Acc: 0.9930 | Val Loss: 0.0386  Acc: 0.9829 | Test Loss: 0.4660  Acc: 0.8989
Epoch 12/20 — Train Loss: 0.0175  Acc: 0.9952 | Val Loss: 0.0075  Acc: 0.9988 | Test Loss: 0.5950  Acc: 0.8843
Epoch 13/20 — Train Loss: 0.0188  Acc: 0.9932 | Val Loss: 0.0083  Acc: 0.9976 | Test Loss: 1.1110  Acc: 0.8416
Epoch 14/20 — Train Loss: 0.0068  Acc: 0.9983 | Val Loss: 0.0033  Acc: 1.0000 | Test Loss: 0.6549  Acc: 0.8865
Epoch 15/20 — Train Loss: 0.0120  Acc: 0.9964 | Val Loss: 0.0061  Acc: 0.9976 | Test Loss: 0.8113  Acc: 0.8742
Epoch 16/20 — Train Loss: 0.0232  Acc: 0.9916 | Val Loss: 0.0049  Acc: 0.9988 | Test Loss: 0.7505  Acc: 0.8843
Epoch 17/20 — Train Loss: 0.0122  Acc: 0.9969 | Val Loss: 0.0075  Acc: 0.9976 | Test Loss: 0.6788  Acc: 0.8831
Epoch 18/20 — Train Loss: 0.0072  Acc: 0.9983 | Val Loss: 0.0084  Acc: 0.9976 | Test Loss: 0.5791  Acc: 0.8871
Epoch 19/20 — Train Loss: 0.0247  Acc: 0.9918 | Val Loss: 0.0065  Acc: 0.9976 | Test Loss: 0.6733  Acc: 0.8803
Epoch 20/20 — Train Loss: 0.0174  Acc: 0.9941 | Val Loss: 0.0155  Acc: 0.9988 | Test Loss: 0.4409  Acc: 0.8989
Saved best checkpoint  → /home/sxz518/PMG/results/checkpoints/crossvalidation/resnet101_preprocessed_fold5_best.pt
Saved final checkpoint → /home/sxz518/PMG/results/checkpoints/crossvalidation/resnet101_preprocessed_fold5_final.pt
Saved metrics CSV      → /home/sxz518/PMG/results/metrics/crossvalidation/resnet101_preprocessed_fold5_metrics.csv

Cross-validation complete.
  Per-fold results → results/metrics/crossvalidation/resnet101_preprocessed_crossval_per_fold.csv
  Summary          → results/metrics/crossvalidation/resnet101_preprocessed_crossval_summary.csv

  Mean test metrics across 5 folds:
    accuracy       0.9722
    balanced_accuracy 0.9734
    precision      0.994
    recall         0.9522
    specificity    0.9945
    f1             0.9703
    cohen_kappa    0.9447
[2026-05-26 13:01:26,450][HYDRA] 	#1 : model.name=densenet201 data_loader.pmg_negative_mode=paper data_loader.balance_mode=pre_split
Cross-validation on preprocessed data: data/PPMR_default
Fold 1/5 — train: 6076 slices (65 patients), val: 1001 slices (11 patients), test: 1957 slices (20 patients)

============================================================
  FOLD 1 / 5
============================================================
Using device: cuda
Built densenet201 — dropout_p=0.5, freeze_backbone=True
Samples — train: 6076, val: 1001, test: 1957
Epoch 1/20 — Train Loss: 0.1491  Acc: 0.9510 | Val Loss: 0.1987  Acc: 0.9061 | Test Loss: 0.0372  Acc: 0.9908
Epoch 2/20 — Train Loss: 0.0627  Acc: 0.9770 | Val Loss: 0.1955  Acc: 0.9151 | Test Loss: 0.0211  Acc: 0.9928
Epoch 3/20 — Train Loss: 0.0399  Acc: 0.9878 | Val Loss: 0.1237  Acc: 0.9451 | Test Loss: 0.0116  Acc: 0.9969
Epoch 4/20 — Train Loss: 0.0270  Acc: 0.9923 | Val Loss: 0.2226  Acc: 0.9101 | Test Loss: 0.0172  Acc: 0.9959
Epoch 5/20 — Train Loss: 0.0343  Acc: 0.9883 | Val Loss: 0.1959  Acc: 0.9241 | Test Loss: 0.0116  Acc: 0.9959
Epoch 6/20 — Train Loss: 0.0319  Acc: 0.9882 | Val Loss: 0.1006  Acc: 0.9630 | Test Loss: 0.0077  Acc: 0.9969
Epoch 7/20 — Train Loss: 0.0284  Acc: 0.9903 | Val Loss: 0.1116  Acc: 0.9570 | Test Loss: 0.0078  Acc: 0.9964
Epoch 8/20 — Train Loss: 0.0258  Acc: 0.9916 | Val Loss: 0.2954  Acc: 0.9001 | Test Loss: 0.0259  Acc: 0.9903
Epoch 9/20 — Train Loss: 0.0228  Acc: 0.9926 | Val Loss: 0.0799  Acc: 0.9690 | Test Loss: 0.0079  Acc: 0.9974
Epoch 10/20 — Train Loss: 0.0268  Acc: 0.9911 | Val Loss: 0.2469  Acc: 0.9151 | Test Loss: 0.0184  Acc: 0.9944
Epoch 11/20 — Train Loss: 0.0304  Acc: 0.9896 | Val Loss: 0.2209  Acc: 0.9171 | Test Loss: 0.0165  Acc: 0.9944
Epoch 12/20 — Train Loss: 0.0229  Acc: 0.9919 | Val Loss: 0.1775  Acc: 0.9341 | Test Loss: 0.0089  Acc: 0.9969
Epoch 13/20 — Train Loss: 0.0160  Acc: 0.9946 | Val Loss: 0.3135  Acc: 0.8951 | Test Loss: 0.0322  Acc: 0.9888
Epoch 14/20 — Train Loss: 0.0265  Acc: 0.9911 | Val Loss: 0.0965  Acc: 0.9570 | Test Loss: 0.0054  Acc: 0.9980
Epoch 15/20 — Train Loss: 0.0287  Acc: 0.9900 | Val Loss: 0.2048  Acc: 0.9291 | Test Loss: 0.0137  Acc: 0.9954
Epoch 16/20 — Train Loss: 0.0167  Acc: 0.9957 | Val Loss: 0.1423  Acc: 0.9481 | Test Loss: 0.0054  Acc: 0.9980
Epoch 17/20 — Train Loss: 0.0214  Acc: 0.9918 | Val Loss: 0.2405  Acc: 0.9161 | Test Loss: 0.0173  Acc: 0.9944
Epoch 18/20 — Train Loss: 0.0150  Acc: 0.9951 | Val Loss: 0.1965  Acc: 0.9281 | Test Loss: 0.0106  Acc: 0.9964
Epoch 19/20 — Train Loss: 0.0310  Acc: 0.9885 | Val Loss: 0.4129  Acc: 0.8601 | Test Loss: 0.0570  Acc: 0.9811
Epoch 20/20 — Train Loss: 0.0136  Acc: 0.9956 | Val Loss: 0.1628  Acc: 0.9401 | Test Loss: 0.0065  Acc: 0.9980
Saved best checkpoint  → /home/sxz518/PMG/results/checkpoints/crossvalidation/densenet201_preprocessed_fold1_best.pt
Saved final checkpoint → /home/sxz518/PMG/results/checkpoints/crossvalidation/densenet201_preprocessed_fold1_final.pt
Saved metrics CSV      → /home/sxz518/PMG/results/metrics/crossvalidation/densenet201_preprocessed_fold1_metrics.csv
Fold 2/5 — train: 6264 slices (65 patients), val: 1000 slices (12 patients), test: 1770 slices (19 patients)

============================================================
  FOLD 2 / 5
============================================================
Using device: cuda
Built densenet201 — dropout_p=0.5, freeze_backbone=True
Samples — train: 6264, val: 1000, test: 1770
Epoch 1/20 — Train Loss: 0.1449  Acc: 0.9494 | Val Loss: 0.1227  Acc: 0.9510 | Test Loss: 0.0934  Acc: 0.9695
Epoch 2/20 — Train Loss: 0.0495  Acc: 0.9834 | Val Loss: 0.0627  Acc: 0.9800 | Test Loss: 0.0737  Acc: 0.9689
Epoch 3/20 — Train Loss: 0.0445  Acc: 0.9852 | Val Loss: 0.0107  Acc: 1.0000 | Test Loss: 0.0137  Acc: 0.9977
Epoch 4/20 — Train Loss: 0.0520  Acc: 0.9818 | Val Loss: 0.0300  Acc: 0.9910 | Test Loss: 0.0357  Acc: 0.9870
Epoch 5/20 — Train Loss: 0.0385  Acc: 0.9850 | Val Loss: 0.0592  Acc: 0.9790 | Test Loss: 0.0704  Acc: 0.9718
Epoch 6/20 — Train Loss: 0.0241  Acc: 0.9927 | Val Loss: 0.0084  Acc: 0.9980 | Test Loss: 0.0129  Acc: 0.9955
Epoch 7/20 — Train Loss: 0.0221  Acc: 0.9922 | Val Loss: 0.0119  Acc: 0.9970 | Test Loss: 0.0072  Acc: 0.9983
Epoch 8/20 — Train Loss: 0.0281  Acc: 0.9883 | Val Loss: 0.0982  Acc: 0.9600 | Test Loss: 0.1135  Acc: 0.9559
Epoch 9/20 — Train Loss: 0.0189  Acc: 0.9931 | Val Loss: 0.0437  Acc: 0.9870 | Test Loss: 0.0615  Acc: 0.9763
Epoch 10/20 — Train Loss: 0.0419  Acc: 0.9837 | Val Loss: 0.0255  Acc: 0.9930 | Test Loss: 0.0266  Acc: 0.9893
Epoch 11/20 — Train Loss: 0.0501  Acc: 0.9821 | Val Loss: 0.0442  Acc: 0.9860 | Test Loss: 0.0507  Acc: 0.9825
Epoch 12/20 — Train Loss: 0.0196  Acc: 0.9933 | Val Loss: 0.0059  Acc: 0.9990 | Test Loss: 0.0061  Acc: 0.9989
Epoch 13/20 — Train Loss: 0.0199  Acc: 0.9933 | Val Loss: 0.0060  Acc: 0.9990 | Test Loss: 0.0077  Acc: 0.9989
Epoch 14/20 — Train Loss: 0.0188  Acc: 0.9938 | Val Loss: 0.0081  Acc: 0.9970 | Test Loss: 0.0122  Acc: 0.9955
Epoch 15/20 — Train Loss: 0.0498  Acc: 0.9815 | Val Loss: 0.1327  Acc: 0.9500 | Test Loss: 0.1273  Acc: 0.9452
Epoch 16/20 — Train Loss: 0.0198  Acc: 0.9927 | Val Loss: 0.0099  Acc: 0.9960 | Test Loss: 0.0135  Acc: 0.9960
Epoch 17/20 — Train Loss: 0.0182  Acc: 0.9944 | Val Loss: 0.0101  Acc: 0.9980 | Test Loss: 0.0165  Acc: 0.9960
Epoch 18/20 — Train Loss: 0.0139  Acc: 0.9955 | Val Loss: 0.0111  Acc: 0.9970 | Test Loss: 0.0153  Acc: 0.9949
Epoch 19/20 — Train Loss: 0.0124  Acc: 0.9962 | Val Loss: 0.0284  Acc: 0.9920 | Test Loss: 0.0351  Acc: 0.9853
Epoch 20/20 — Train Loss: 0.0183  Acc: 0.9931 | Val Loss: 0.0264  Acc: 0.9930 | Test Loss: 0.0403  Acc: 0.9853
Saved best checkpoint  → /home/sxz518/PMG/results/checkpoints/crossvalidation/densenet201_preprocessed_fold2_best.pt
Saved final checkpoint → /home/sxz518/PMG/results/checkpoints/crossvalidation/densenet201_preprocessed_fold2_final.pt
Saved metrics CSV      → /home/sxz518/PMG/results/metrics/crossvalidation/densenet201_preprocessed_fold2_metrics.csv
Fold 3/5 — train: 5997 slices (65 patients), val: 1245 slices (12 patients), test: 1792 slices (19 patients)

============================================================
  FOLD 3 / 5
============================================================
Using device: cuda
Built densenet201 — dropout_p=0.5, freeze_backbone=True
Samples — train: 5997, val: 1245, test: 1792
Epoch 1/20 — Train Loss: 0.0902  Acc: 0.9778 | Val Loss: 0.6284  Acc: 0.8289 | Test Loss: 0.0144  Acc: 0.9983
Epoch 2/20 — Train Loss: 0.0151  Acc: 0.9958 | Val Loss: 0.6324  Acc: 0.8353 | Test Loss: 0.0078  Acc: 0.9989
Epoch 3/20 — Train Loss: 0.0335  Acc: 0.9895 | Val Loss: 0.4748  Acc: 0.8723 | Test Loss: 0.0156  Acc: 0.9972
Epoch 4/20 — Train Loss: 0.0238  Acc: 0.9913 | Val Loss: 0.8967  Acc: 0.8257 | Test Loss: 0.0044  Acc: 0.9989
Epoch 5/20 — Train Loss: 0.0048  Acc: 0.9988 | Val Loss: 0.5821  Acc: 0.8643 | Test Loss: 0.0073  Acc: 0.9989
Epoch 6/20 — Train Loss: 0.0121  Acc: 0.9965 | Val Loss: 0.7624  Acc: 0.8313 | Test Loss: 0.0027  Acc: 0.9994
Epoch 7/20 — Train Loss: 0.0052  Acc: 0.9990 | Val Loss: 0.8917  Acc: 0.8177 | Test Loss: 0.0029  Acc: 1.0000
Epoch 8/20 — Train Loss: 0.0043  Acc: 0.9993 | Val Loss: 1.0107  Acc: 0.8185 | Test Loss: 0.0029  Acc: 1.0000
Epoch 9/20 — Train Loss: 0.0149  Acc: 0.9938 | Val Loss: 0.3383  Acc: 0.8386 | Test Loss: 0.1575  Acc: 0.9314
Epoch 10/20 — Train Loss: 0.0121  Acc: 0.9957 | Val Loss: 1.3013  Acc: 0.8104 | Test Loss: 0.0122  Acc: 0.9972
Epoch 11/20 — Train Loss: 0.0046  Acc: 0.9987 | Val Loss: 0.7229  Acc: 0.8418 | Test Loss: 0.0046  Acc: 0.9989
Epoch 12/20 — Train Loss: 0.0105  Acc: 0.9975 | Val Loss: 0.9615  Acc: 0.8265 | Test Loss: 0.0028  Acc: 1.0000
Epoch 13/20 — Train Loss: 0.0055  Acc: 0.9985 | Val Loss: 1.0547  Acc: 0.8169 | Test Loss: 0.0040  Acc: 0.9989
Epoch 14/20 — Train Loss: 0.0102  Acc: 0.9965 | Val Loss: 0.8480  Acc: 0.8281 | Test Loss: 0.0026  Acc: 0.9994
Epoch 15/20 — Train Loss: 0.0046  Acc: 0.9988 | Val Loss: 0.7690  Acc: 0.8410 | Test Loss: 0.0028  Acc: 0.9994
Epoch 16/20 — Train Loss: 0.0037  Acc: 0.9992 | Val Loss: 1.0467  Acc: 0.8193 | Test Loss: 0.0059  Acc: 1.0000
Epoch 17/20 — Train Loss: 0.0102  Acc: 0.9960 | Val Loss: 1.1670  Acc: 0.8129 | Test Loss: 0.0071  Acc: 0.9983
Epoch 18/20 — Train Loss: 0.0081  Acc: 0.9975 | Val Loss: 0.6937  Acc: 0.8627 | Test Loss: 0.0057  Acc: 0.9983
Epoch 19/20 — Train Loss: 0.0072  Acc: 0.9975 | Val Loss: 0.7858  Acc: 0.8410 | Test Loss: 0.0025  Acc: 1.0000
Epoch 20/20 — Train Loss: 0.0069  Acc: 0.9975 | Val Loss: 1.1002  Acc: 0.8137 | Test Loss: 0.0067  Acc: 0.9983
Saved best checkpoint  → /home/sxz518/PMG/results/checkpoints/crossvalidation/densenet201_preprocessed_fold3_best.pt
Saved final checkpoint → /home/sxz518/PMG/results/checkpoints/crossvalidation/densenet201_preprocessed_fold3_final.pt
Saved metrics CSV      → /home/sxz518/PMG/results/metrics/crossvalidation/densenet201_preprocessed_fold3_metrics.csv
Fold 4/5 — train: 6323 slices (65 patients), val: 976 slices (12 patients), test: 1735 slices (19 patients)

============================================================
  FOLD 4 / 5
============================================================
Using device: cuda
Built densenet201 — dropout_p=0.5, freeze_backbone=True
Samples — train: 6323, val: 976, test: 1735
Epoch 1/20 — Train Loss: 0.1597  Acc: 0.9462 | Val Loss: 0.0351  Acc: 1.0000 | Test Loss: 0.0346  Acc: 0.9954
Epoch 2/20 — Train Loss: 0.0557  Acc: 0.9823 | Val Loss: 0.1551  Acc: 0.9385 | Test Loss: 0.0897  Acc: 0.9654
Epoch 3/20 — Train Loss: 0.0529  Acc: 0.9799 | Val Loss: 0.0364  Acc: 0.9949 | Test Loss: 0.0388  Acc: 0.9850
Epoch 4/20 — Train Loss: 0.0307  Acc: 0.9885 | Val Loss: 0.0198  Acc: 0.9990 | Test Loss: 0.0301  Acc: 0.9896
Epoch 5/20 — Train Loss: 0.0424  Acc: 0.9854 | Val Loss: 0.0103  Acc: 1.0000 | Test Loss: 0.0242  Acc: 0.9931
Epoch 6/20 — Train Loss: 0.0258  Acc: 0.9908 | Val Loss: 0.0301  Acc: 0.9959 | Test Loss: 0.0348  Acc: 0.9856
Epoch 7/20 — Train Loss: 0.0313  Acc: 0.9889 | Val Loss: 0.0302  Acc: 0.9959 | Test Loss: 0.0414  Acc: 0.9833
Epoch 8/20 — Train Loss: 0.0276  Acc: 0.9896 | Val Loss: 0.0070  Acc: 1.0000 | Test Loss: 0.0239  Acc: 0.9925
Epoch 9/20 — Train Loss: 0.0368  Acc: 0.9864 | Val Loss: 0.0092  Acc: 1.0000 | Test Loss: 0.0248  Acc: 0.9908
Epoch 10/20 — Train Loss: 0.0252  Acc: 0.9907 | Val Loss: 0.0065  Acc: 1.0000 | Test Loss: 0.0222  Acc: 0.9919
Epoch 11/20 — Train Loss: 0.0240  Acc: 0.9919 | Val Loss: 0.0090  Acc: 0.9990 | Test Loss: 0.0291  Acc: 0.9896
Epoch 12/20 — Train Loss: 0.0306  Acc: 0.9904 | Val Loss: 0.0043  Acc: 1.0000 | Test Loss: 0.0219  Acc: 0.9937
Epoch 13/20 — Train Loss: 0.0160  Acc: 0.9954 | Val Loss: 0.0163  Acc: 0.9969 | Test Loss: 0.0347  Acc: 0.9890
Epoch 14/20 — Train Loss: 0.0294  Acc: 0.9900 | Val Loss: 0.0291  Acc: 0.9928 | Test Loss: 0.0299  Acc: 0.9902
Epoch 15/20 — Train Loss: 0.0165  Acc: 0.9938 | Val Loss: 0.0224  Acc: 0.9949 | Test Loss: 0.0369  Acc: 0.9890
Epoch 16/20 — Train Loss: 0.0152  Acc: 0.9943 | Val Loss: 0.0075  Acc: 0.9990 | Test Loss: 0.0183  Acc: 0.9942
Epoch 17/20 — Train Loss: 0.0132  Acc: 0.9964 | Val Loss: 0.0173  Acc: 0.9969 | Test Loss: 0.0330  Acc: 0.9908
Epoch 18/20 — Train Loss: 0.0179  Acc: 0.9940 | Val Loss: 0.0316  Acc: 0.9939 | Test Loss: 0.0360  Acc: 0.9873
Epoch 19/20 — Train Loss: 0.0193  Acc: 0.9927 | Val Loss: 0.0125  Acc: 0.9980 | Test Loss: 0.0252  Acc: 0.9925
Epoch 20/20 — Train Loss: 0.0254  Acc: 0.9899 | Val Loss: 0.0019  Acc: 1.0000 | Test Loss: 0.0191  Acc: 0.9914
Saved best checkpoint  → /home/sxz518/PMG/results/checkpoints/crossvalidation/densenet201_preprocessed_fold4_best.pt
Saved final checkpoint → /home/sxz518/PMG/results/checkpoints/crossvalidation/densenet201_preprocessed_fold4_final.pt
Saved metrics CSV      → /home/sxz518/PMG/results/metrics/crossvalidation/densenet201_preprocessed_fold4_metrics.csv
Fold 5/5 — train: 6435 slices (65 patients), val: 819 slices (12 patients), test: 1780 slices (19 patients)

============================================================
  FOLD 5 / 5
============================================================
Using device: cuda
Built densenet201 — dropout_p=0.5, freeze_backbone=True
Samples — train: 6435, val: 819, test: 1780
Epoch 1/20 — Train Loss: 0.0979  Acc: 0.9733 | Val Loss: 0.0189  Acc: 1.0000 | Test Loss: 0.3359  Acc: 0.8921
Epoch 2/20 — Train Loss: 0.0139  Acc: 0.9972 | Val Loss: 0.0069  Acc: 1.0000 | Test Loss: 0.4489  Acc: 0.8837
Epoch 3/20 — Train Loss: 0.0170  Acc: 0.9955 | Val Loss: 0.0020  Acc: 1.0000 | Test Loss: 0.6800  Acc: 0.8657
Epoch 4/20 — Train Loss: 0.0207  Acc: 0.9941 | Val Loss: 0.0056  Acc: 1.0000 | Test Loss: 0.5543  Acc: 0.8860
Epoch 5/20 — Train Loss: 0.0199  Acc: 0.9939 | Val Loss: 0.0021  Acc: 1.0000 | Test Loss: 0.6239  Acc: 0.8753
Epoch 6/20 — Train Loss: 0.0077  Acc: 0.9981 | Val Loss: 0.0017  Acc: 1.0000 | Test Loss: 0.6719  Acc: 0.8781
Epoch 7/20 — Train Loss: 0.0064  Acc: 0.9991 | Val Loss: 0.0049  Acc: 1.0000 | Test Loss: 0.5365  Acc: 0.8865
Epoch 8/20 — Train Loss: 0.0114  Acc: 0.9961 | Val Loss: 0.0324  Acc: 0.9927 | Test Loss: 0.3673  Acc: 0.8949
Epoch 9/20 — Train Loss: 0.0251  Acc: 0.9918 | Val Loss: 0.0033  Acc: 1.0000 | Test Loss: 0.5583  Acc: 0.8792
Epoch 10/20 — Train Loss: 0.0227  Acc: 0.9927 | Val Loss: 0.0026  Acc: 1.0000 | Test Loss: 0.5422  Acc: 0.8831
Epoch 11/20 — Train Loss: 0.0085  Acc: 0.9978 | Val Loss: 0.0037  Acc: 1.0000 | Test Loss: 0.5580  Acc: 0.8815
Epoch 12/20 — Train Loss: 0.0071  Acc: 0.9984 | Val Loss: 0.0014  Acc: 1.0000 | Test Loss: 0.7873  Acc: 0.8640
Epoch 13/20 — Train Loss: 0.0061  Acc: 0.9989 | Val Loss: 0.0015  Acc: 1.0000 | Test Loss: 0.7044  Acc: 0.8646
Epoch 14/20 — Train Loss: 0.0218  Acc: 0.9932 | Val Loss: 0.0035  Acc: 1.0000 | Test Loss: 0.5284  Acc: 0.8843
Epoch 15/20 — Train Loss: 0.0106  Acc: 0.9972 | Val Loss: 0.0023  Acc: 1.0000 | Test Loss: 0.6165  Acc: 0.8708
Epoch 16/20 — Train Loss: 0.0117  Acc: 0.9969 | Val Loss: 0.0018  Acc: 1.0000 | Test Loss: 0.6368  Acc: 0.8697
Epoch 17/20 — Train Loss: 0.0230  Acc: 0.9918 | Val Loss: 0.0050  Acc: 1.0000 | Test Loss: 0.4837  Acc: 0.8882
Epoch 18/20 — Train Loss: 0.0051  Acc: 0.9994 | Val Loss: 0.0036  Acc: 1.0000 | Test Loss: 0.5460  Acc: 0.8854
Epoch 19/20 — Train Loss: 0.0072  Acc: 0.9983 | Val Loss: 0.0010  Acc: 1.0000 | Test Loss: 0.7640  Acc: 0.8669
Epoch 20/20 — Train Loss: 0.0229  Acc: 0.9932 | Val Loss: 0.0012  Acc: 1.0000 | Test Loss: 0.6552  Acc: 0.8815
Saved best checkpoint  → /home/sxz518/PMG/results/checkpoints/crossvalidation/densenet201_preprocessed_fold5_best.pt
Saved final checkpoint → /home/sxz518/PMG/results/checkpoints/crossvalidation/densenet201_preprocessed_fold5_final.pt
Saved metrics CSV      → /home/sxz518/PMG/results/metrics/crossvalidation/densenet201_preprocessed_fold5_metrics.csv

Cross-validation complete.
  Per-fold results → results/metrics/crossvalidation/densenet201_preprocessed_crossval_per_fold.csv
  Summary          → results/metrics/crossvalidation/densenet201_preprocessed_crossval_summary.csv

  Mean test metrics across 5 folds:
    accuracy       0.9572
    balanced_accuracy 0.9577
    precision      0.9744
    recall         0.9468
    specificity    0.9687
    f1             0.9562
    cohen_kappa    0.9146
