Job:  raw_paper  (8752)
Node: hendrixgpu06fl.unicph.domain
GPUs: 0
Cross-validation on raw data: data/PPMR
Fold 1/5 — train: 10069 slices (65 patients), val: 1663 slices (11 patients), test: 3324 slices (20 patients)

============================================================
  FOLD 1 / 5
============================================================
Using device: cuda
Downloading: "https://download.pytorch.org/models/densenet201-c1103571.pth" to /home/sxz518/.cache/torch/hub/checkpoints/densenet201-c1103571.pth
Built densenet201 — dropout_p=0.5, freeze_backbone=True
Samples — train: 10069, val: 1663, test: 3324
Epoch 1/20 — Train Loss: 0.3878  Acc: 0.8256 | Val Loss: 0.5898  Acc: 0.6759 | Test Loss: 0.3898  Acc: 0.8270
Epoch 2/20 — Train Loss: 0.2307  Acc: 0.9067 | Val Loss: 0.5595  Acc: 0.7156 | Test Loss: 0.3402  Acc: 0.8502
Epoch 3/20 — Train Loss: 0.1873  Acc: 0.9262 | Val Loss: 0.5379  Acc: 0.7697 | Test Loss: 0.3501  Acc: 0.8718
Epoch 4/20 — Train Loss: 0.1674  Acc: 0.9324 | Val Loss: 0.5531  Acc: 0.7342 | Test Loss: 0.3327  Acc: 0.8637
Epoch 5/20 — Train Loss: 0.1703  Acc: 0.9328 | Val Loss: 0.6492  Acc: 0.6909 | Test Loss: 0.4026  Acc: 0.8231
Epoch 6/20 — Train Loss: 0.1706  Acc: 0.9319 | Val Loss: 0.6050  Acc: 0.7090 | Test Loss: 0.3581  Acc: 0.8454
Epoch 7/20 — Train Loss: 0.1450  Acc: 0.9421 | Val Loss: 0.6157  Acc: 0.6933 | Test Loss: 0.3424  Acc: 0.8484
Epoch 8/20 — Train Loss: 0.1414  Acc: 0.9456 | Val Loss: 0.6508  Acc: 0.6921 | Test Loss: 0.4056  Acc: 0.8324
Epoch 9/20 — Train Loss: 0.1242  Acc: 0.9514 | Val Loss: 0.4993  Acc: 0.7523 | Test Loss: 0.3094  Acc: 0.8721
Epoch 10/20 — Train Loss: 0.1221  Acc: 0.9539 | Val Loss: 0.5001  Acc: 0.7655 | Test Loss: 0.3095  Acc: 0.8758
Epoch 11/20 — Train Loss: 0.1213  Acc: 0.9527 | Val Loss: 0.5006  Acc: 0.7667 | Test Loss: 0.2795  Acc: 0.8872
Epoch 12/20 — Train Loss: 0.1252  Acc: 0.9506 | Val Loss: 0.5663  Acc: 0.7745 | Test Loss: 0.3599  Acc: 0.8785
Epoch 13/20 — Train Loss: 0.1120  Acc: 0.9583 | Val Loss: 0.6608  Acc: 0.7102 | Test Loss: 0.4225  Acc: 0.8330
Epoch 14/20 — Train Loss: 0.1014  Acc: 0.9618 | Val Loss: 0.5078  Acc: 0.7535 | Test Loss: 0.3391  Acc: 0.8670
Epoch 15/20 — Train Loss: 0.1007  Acc: 0.9610 | Val Loss: 0.4825  Acc: 0.7751 | Test Loss: 0.3747  Acc: 0.8571
Epoch 16/20 — Train Loss: 0.0932  Acc: 0.9644 | Val Loss: 0.5175  Acc: 0.7853 | Test Loss: 0.3740  Acc: 0.8730
Epoch 17/20 — Train Loss: 0.0956  Acc: 0.9642 | Val Loss: 0.5171  Acc: 0.7601 | Test Loss: 0.3914  Acc: 0.8562
Epoch 18/20 — Train Loss: 0.0904  Acc: 0.9663 | Val Loss: 0.4796  Acc: 0.8016 | Test Loss: 0.3352  Acc: 0.8890
Epoch 19/20 — Train Loss: 0.0952  Acc: 0.9651 | Val Loss: 0.5388  Acc: 0.7420 | Test Loss: 0.3479  Acc: 0.8643
Epoch 20/20 — Train Loss: 0.0812  Acc: 0.9718 | Val Loss: 0.4766  Acc: 0.8028 | Test Loss: 0.3201  Acc: 0.8887
Saved best checkpoint  → /home/sxz518/PMG/results/checkpoints/crossvalidation/densenet201_raw_fold1_best.pt
Saved final checkpoint → /home/sxz518/PMG/results/checkpoints/crossvalidation/densenet201_raw_fold1_final.pt
Saved metrics CSV      → /home/sxz518/PMG/results/metrics/crossvalidation/densenet201_raw_fold1_metrics.csv
Fold 2/5 — train: 10120 slices (65 patients), val: 1871 slices (12 patients), test: 3065 slices (19 patients)

============================================================
  FOLD 2 / 5
============================================================
Using device: cuda
Built densenet201 — dropout_p=0.5, freeze_backbone=True
Samples — train: 10120, val: 1871, test: 3065
Epoch 1/20 — Train Loss: 0.3416  Acc: 0.8522 | Val Loss: 0.4185  Acc: 0.8316 | Test Loss: 0.3586  Acc: 0.8489
Epoch 2/20 — Train Loss: 0.2235  Acc: 0.9084 | Val Loss: 0.4070  Acc: 0.8701 | Test Loss: 0.3772  Acc: 0.8682
Epoch 3/20 — Train Loss: 0.2111  Acc: 0.9136 | Val Loss: 0.5569  Acc: 0.7515 | Test Loss: 0.4040  Acc: 0.8052
Epoch 4/20 — Train Loss: 0.2044  Acc: 0.9158 | Val Loss: 0.7590  Acc: 0.6681 | Test Loss: 0.5604  Acc: 0.7423
Epoch 5/20 — Train Loss: 0.1550  Acc: 0.9359 | Val Loss: 0.5511  Acc: 0.7600 | Test Loss: 0.3758  Acc: 0.8326
Epoch 6/20 — Train Loss: 0.1548  Acc: 0.9386 | Val Loss: 0.5798  Acc: 0.7579 | Test Loss: 0.3629  Acc: 0.8385
Epoch 7/20 — Train Loss: 0.1603  Acc: 0.9347 | Val Loss: 0.5137  Acc: 0.7712 | Test Loss: 0.3406  Acc: 0.8437
Epoch 8/20 — Train Loss: 0.1510  Acc: 0.9443 | Val Loss: 0.4235  Acc: 0.8477 | Test Loss: 0.2546  Acc: 0.8979
Epoch 9/20 — Train Loss: 0.1407  Acc: 0.9442 | Val Loss: 0.4801  Acc: 0.8204 | Test Loss: 0.2726  Acc: 0.8894
Epoch 10/20 — Train Loss: 0.1319  Acc: 0.9477 | Val Loss: 0.5297  Acc: 0.7830 | Test Loss: 0.3241  Acc: 0.8613
Epoch 11/20 — Train Loss: 0.1257  Acc: 0.9488 | Val Loss: 0.6386  Acc: 0.7253 | Test Loss: 0.3781  Acc: 0.8313
Epoch 12/20 — Train Loss: 0.1157  Acc: 0.9565 | Val Loss: 0.4654  Acc: 0.8402 | Test Loss: 0.2748  Acc: 0.8972
Epoch 13/20 — Train Loss: 0.1047  Acc: 0.9611 | Val Loss: 0.8611  Acc: 0.6804 | Test Loss: 0.4514  Acc: 0.8069
Epoch 14/20 — Train Loss: 0.0995  Acc: 0.9632 | Val Loss: 0.6213  Acc: 0.7488 | Test Loss: 0.3383  Acc: 0.8571
Epoch 15/20 — Train Loss: 0.0947  Acc: 0.9644 | Val Loss: 0.4871  Acc: 0.8177 | Test Loss: 0.2492  Acc: 0.9021
Epoch 16/20 — Train Loss: 0.0870  Acc: 0.9661 | Val Loss: 0.6313  Acc: 0.7493 | Test Loss: 0.3660  Acc: 0.8440
Epoch 17/20 — Train Loss: 0.0917  Acc: 0.9655 | Val Loss: 0.5749  Acc: 0.7835 | Test Loss: 0.2497  Acc: 0.8972
Epoch 18/20 — Train Loss: 0.1014  Acc: 0.9628 | Val Loss: 0.5946  Acc: 0.7686 | Test Loss: 0.2674  Acc: 0.8881
Epoch 19/20 — Train Loss: 0.0957  Acc: 0.9642 | Val Loss: 0.6089  Acc: 0.7707 | Test Loss: 0.2735  Acc: 0.8858
Epoch 20/20 — Train Loss: 0.0884  Acc: 0.9707 | Val Loss: 0.7552  Acc: 0.7007 | Test Loss: 0.3784  Acc: 0.8385
Saved best checkpoint  → /home/sxz518/PMG/results/checkpoints/crossvalidation/densenet201_raw_fold2_best.pt
Saved final checkpoint → /home/sxz518/PMG/results/checkpoints/crossvalidation/densenet201_raw_fold2_final.pt
Saved metrics CSV      → /home/sxz518/PMG/results/metrics/crossvalidation/densenet201_raw_fold2_metrics.csv
Fold 3/5 — train: 10115 slices (65 patients), val: 2008 slices (12 patients), test: 2933 slices (19 patients)

============================================================
  FOLD 3 / 5
============================================================
Using device: cuda
Built densenet201 — dropout_p=0.5, freeze_backbone=True
Samples — train: 10115, val: 2008, test: 2933
Epoch 1/20 — Train Loss: 0.3404  Acc: 0.8532 | Val Loss: 0.4933  Acc: 0.7595 | Test Loss: 0.3450  Acc: 0.8531
Epoch 2/20 — Train Loss: 0.2103  Acc: 0.9163 | Val Loss: 0.5087  Acc: 0.7520 | Test Loss: 0.3801  Acc: 0.8179
Epoch 3/20 — Train Loss: 0.1672  Acc: 0.9362 | Val Loss: 0.5129  Acc: 0.7585 | Test Loss: 0.3413  Acc: 0.8432
Epoch 4/20 — Train Loss: 0.1635  Acc: 0.9352 | Val Loss: 0.5493  Acc: 0.7689 | Test Loss: 0.3535  Acc: 0.8496
Epoch 5/20 — Train Loss: 0.1569  Acc: 0.9365 | Val Loss: 0.5497  Acc: 0.7764 | Test Loss: 0.3297  Acc: 0.8660
Epoch 6/20 — Train Loss: 0.1439  Acc: 0.9416 | Val Loss: 0.5483  Acc: 0.7744 | Test Loss: 0.3218  Acc: 0.8657
Epoch 7/20 — Train Loss: 0.1386  Acc: 0.9467 | Val Loss: 0.8895  Acc: 0.7490 | Test Loss: 0.4774  Acc: 0.8398
Epoch 8/20 — Train Loss: 0.1430  Acc: 0.9447 | Val Loss: 0.5502  Acc: 0.7714 | Test Loss: 0.3146  Acc: 0.8691
Epoch 9/20 — Train Loss: 0.1230  Acc: 0.9497 | Val Loss: 0.5411  Acc: 0.7704 | Test Loss: 0.3201  Acc: 0.8667
Epoch 10/20 — Train Loss: 0.1155  Acc: 0.9550 | Val Loss: 0.5951  Acc: 0.7395 | Test Loss: 0.4524  Acc: 0.7849
Epoch 11/20 — Train Loss: 0.1323  Acc: 0.9488 | Val Loss: 0.5555  Acc: 0.7809 | Test Loss: 0.3173  Acc: 0.8735
Epoch 12/20 — Train Loss: 0.1117  Acc: 0.9597 | Val Loss: 0.5342  Acc: 0.7794 | Test Loss: 0.3210  Acc: 0.8681
Epoch 13/20 — Train Loss: 0.0940  Acc: 0.9662 | Val Loss: 0.5426  Acc: 0.7849 | Test Loss: 0.3127  Acc: 0.8773
Epoch 14/20 — Train Loss: 0.1018  Acc: 0.9628 | Val Loss: 0.4947  Acc: 0.7669 | Test Loss: 0.3336  Acc: 0.8503
Epoch 15/20 — Train Loss: 0.1048  Acc: 0.9610 | Val Loss: 0.7114  Acc: 0.7654 | Test Loss: 0.3812  Acc: 0.8592
Epoch 16/20 — Train Loss: 0.1040  Acc: 0.9616 | Val Loss: 0.6410  Acc: 0.7918 | Test Loss: 0.3609  Acc: 0.8643
Epoch 17/20 — Train Loss: 0.0985  Acc: 0.9630 | Val Loss: 0.5599  Acc: 0.7625 | Test Loss: 0.4391  Acc: 0.8029
Epoch 18/20 — Train Loss: 0.0982  Acc: 0.9631 | Val Loss: 0.4958  Acc: 0.7963 | Test Loss: 0.3074  Acc: 0.8708
Epoch 19/20 — Train Loss: 0.1047  Acc: 0.9600 | Val Loss: 0.5704  Acc: 0.7874 | Test Loss: 0.3238  Acc: 0.8721
Epoch 20/20 — Train Loss: 0.0823  Acc: 0.9692 | Val Loss: 0.5062  Acc: 0.7978 | Test Loss: 0.2884  Acc: 0.8844
Saved best checkpoint  → /home/sxz518/PMG/results/checkpoints/crossvalidation/densenet201_raw_fold3_best.pt
Saved final checkpoint → /home/sxz518/PMG/results/checkpoints/crossvalidation/densenet201_raw_fold3_final.pt
Saved metrics CSV      → /home/sxz518/PMG/results/metrics/crossvalidation/densenet201_raw_fold3_metrics.csv
Fold 4/5 — train: 10479 slices (65 patients), val: 1795 slices (12 patients), test: 2782 slices (19 patients)

============================================================
  FOLD 4 / 5
============================================================
Using device: cuda
Built densenet201 — dropout_p=0.5, freeze_backbone=True
Samples — train: 10479, val: 1795, test: 2782
Epoch 1/20 — Train Loss: 0.3451  Acc: 0.8464 | Val Loss: 0.3659  Acc: 0.8368 | Test Loss: 0.4163  Acc: 0.8364
Epoch 2/20 — Train Loss: 0.2256  Acc: 0.9077 | Val Loss: 0.2799  Acc: 0.8752 | Test Loss: 0.4484  Acc: 0.8505
Epoch 3/20 — Train Loss: 0.1929  Acc: 0.9242 | Val Loss: 0.2873  Acc: 0.8702 | Test Loss: 0.4362  Acc: 0.8580
Epoch 4/20 — Train Loss: 0.1596  Acc: 0.9385 | Val Loss: 0.2543  Acc: 0.8925 | Test Loss: 0.5901  Acc: 0.8526
Epoch 5/20 — Train Loss: 0.1643  Acc: 0.9330 | Val Loss: 0.3339  Acc: 0.8462 | Test Loss: 0.4482  Acc: 0.8426
Epoch 6/20 — Train Loss: 0.1587  Acc: 0.9362 | Val Loss: 0.2722  Acc: 0.8880 | Test Loss: 0.4190  Acc: 0.8623
Epoch 7/20 — Train Loss: 0.1302  Acc: 0.9491 | Val Loss: 0.2503  Acc: 0.8997 | Test Loss: 0.4702  Acc: 0.8613
Epoch 8/20 — Train Loss: 0.1335  Acc: 0.9492 | Val Loss: 0.2282  Acc: 0.9148 | Test Loss: 0.4764  Acc: 0.8584
Epoch 9/20 — Train Loss: 0.1145  Acc: 0.9562 | Val Loss: 0.3095  Acc: 0.8574 | Test Loss: 0.4570  Acc: 0.8519
Epoch 10/20 — Train Loss: 0.1096  Acc: 0.9584 | Val Loss: 0.2853  Acc: 0.8841 | Test Loss: 0.4962  Acc: 0.8418
Epoch 11/20 — Train Loss: 0.1176  Acc: 0.9551 | Val Loss: 0.2024  Acc: 0.9231 | Test Loss: 0.4944  Acc: 0.8605
Epoch 12/20 — Train Loss: 0.1097  Acc: 0.9602 | Val Loss: 0.2384  Acc: 0.9114 | Test Loss: 0.4866  Acc: 0.8497
Epoch 13/20 — Train Loss: 0.0926  Acc: 0.9657 | Val Loss: 0.2501  Acc: 0.9008 | Test Loss: 0.5094  Acc: 0.8526
Epoch 14/20 — Train Loss: 0.1021  Acc: 0.9612 | Val Loss: 0.2310  Acc: 0.9031 | Test Loss: 0.5421  Acc: 0.8512
Epoch 15/20 — Train Loss: 0.0940  Acc: 0.9654 | Val Loss: 0.2452  Acc: 0.8992 | Test Loss: 0.4933  Acc: 0.8555
Epoch 16/20 — Train Loss: 0.0886  Acc: 0.9664 | Val Loss: 0.2058  Acc: 0.9164 | Test Loss: 0.5403  Acc: 0.8526
Epoch 17/20 — Train Loss: 0.0940  Acc: 0.9650 | Val Loss: 0.2037  Acc: 0.9203 | Test Loss: 0.5547  Acc: 0.8400
Epoch 18/20 — Train Loss: 0.0936  Acc: 0.9647 | Val Loss: 0.2032  Acc: 0.9203 | Test Loss: 0.5456  Acc: 0.8404
Epoch 19/20 — Train Loss: 0.0784  Acc: 0.9721 | Val Loss: 0.2139  Acc: 0.9120 | Test Loss: 0.4835  Acc: 0.8566
Epoch 20/20 — Train Loss: 0.0801  Acc: 0.9700 | Val Loss: 0.2323  Acc: 0.9175 | Test Loss: 0.6714  Acc: 0.8375
Saved best checkpoint  → /home/sxz518/PMG/results/checkpoints/crossvalidation/densenet201_raw_fold4_best.pt
Saved final checkpoint → /home/sxz518/PMG/results/checkpoints/crossvalidation/densenet201_raw_fold4_final.pt
Saved metrics CSV      → /home/sxz518/PMG/results/metrics/crossvalidation/densenet201_raw_fold4_metrics.csv
Fold 5/5 — train: 10310 slices (65 patients), val: 1794 slices (12 patients), test: 2952 slices (19 patients)

============================================================
  FOLD 5 / 5
============================================================
Using device: cuda
Built densenet201 — dropout_p=0.5, freeze_backbone=True
Samples — train: 10310, val: 1794, test: 2952
Epoch 1/20 — Train Loss: 0.3584  Acc: 0.8388 | Val Loss: 0.4235  Acc: 0.7982 | Test Loss: 0.4663  Acc: 0.7737
Epoch 2/20 — Train Loss: 0.2052  Acc: 0.9190 | Val Loss: 0.4787  Acc: 0.7720 | Test Loss: 0.4855  Acc: 0.7693
Epoch 3/20 — Train Loss: 0.1852  Acc: 0.9242 | Val Loss: 0.3510  Acc: 0.8367 | Test Loss: 0.4914  Acc: 0.7713
Epoch 4/20 — Train Loss: 0.1588  Acc: 0.9389 | Val Loss: 0.4170  Acc: 0.8071 | Test Loss: 0.4794  Acc: 0.7727
Epoch 5/20 — Train Loss: 0.1489  Acc: 0.9414 | Val Loss: 0.1836  Acc: 0.9270 | Test Loss: 0.6680  Acc: 0.7486
Epoch 6/20 — Train Loss: 0.1440  Acc: 0.9431 | Val Loss: 0.1705  Acc: 0.9353 | Test Loss: 0.6153  Acc: 0.7595
Epoch 7/20 — Train Loss: 0.1385  Acc: 0.9452 | Val Loss: 0.2521  Acc: 0.8880 | Test Loss: 0.5457  Acc: 0.7663
Epoch 8/20 — Train Loss: 0.1277  Acc: 0.9504 | Val Loss: 0.1010  Acc: 0.9649 | Test Loss: 0.8124  Acc: 0.7470
Epoch 9/20 — Train Loss: 0.1212  Acc: 0.9551 | Val Loss: 0.1907  Acc: 0.9225 | Test Loss: 0.6003  Acc: 0.7754
Epoch 10/20 — Train Loss: 0.1049  Acc: 0.9597 | Val Loss: 0.2191  Acc: 0.8997 | Test Loss: 0.5526  Acc: 0.7788
Epoch 11/20 — Train Loss: 0.1032  Acc: 0.9620 | Val Loss: 0.4630  Acc: 0.7776 | Test Loss: 0.4757  Acc: 0.7890
Epoch 12/20 — Train Loss: 0.1161  Acc: 0.9543 | Val Loss: 0.1366  Acc: 0.9526 | Test Loss: 0.6369  Acc: 0.7700
Epoch 13/20 — Train Loss: 0.0912  Acc: 0.9667 | Val Loss: 0.1485  Acc: 0.9415 | Test Loss: 0.6069  Acc: 0.7808
Epoch 14/20 — Train Loss: 0.0903  Acc: 0.9656 | Val Loss: 0.1675  Acc: 0.9365 | Test Loss: 0.6184  Acc: 0.7839
Epoch 15/20 — Train Loss: 0.0855  Acc: 0.9690 | Val Loss: 0.1849  Acc: 0.9281 | Test Loss: 0.5516  Acc: 0.7903
Epoch 16/20 — Train Loss: 0.0964  Acc: 0.9637 | Val Loss: 0.3894  Acc: 0.8272 | Test Loss: 0.4869  Acc: 0.7862
Epoch 17/20 — Train Loss: 0.0926  Acc: 0.9652 | Val Loss: 0.3896  Acc: 0.8239 | Test Loss: 0.4860  Acc: 0.8008
Epoch 18/20 — Train Loss: 0.0967  Acc: 0.9618 | Val Loss: 0.1332  Acc: 0.9509 | Test Loss: 0.5976  Acc: 0.7923
Epoch 19/20 — Train Loss: 0.0775  Acc: 0.9702 | Val Loss: 0.1951  Acc: 0.9220 | Test Loss: 0.5208  Acc: 0.8012
Epoch 20/20 — Train Loss: 0.0788  Acc: 0.9712 | Val Loss: 0.1648  Acc: 0.9420 | Test Loss: 0.6228  Acc: 0.7852
Saved best checkpoint  → /home/sxz518/PMG/results/checkpoints/crossvalidation/densenet201_raw_fold5_best.pt
Saved final checkpoint → /home/sxz518/PMG/results/checkpoints/crossvalidation/densenet201_raw_fold5_final.pt
Saved metrics CSV      → /home/sxz518/PMG/results/metrics/crossvalidation/densenet201_raw_fold5_metrics.csv

Cross-validation complete.
  Per-fold results → results/metrics/crossvalidation/densenet201_raw_crossval_per_fold.csv
  Summary          → results/metrics/crossvalidation/densenet201_raw_crossval_summary.csv

  Mean test metrics across 5 folds:
    accuracy       0.8435
    balanced_accuracy 0.7644
    precision      0.8741
    recall         0.5674
    specificity    0.9615
    f1             0.6652
    cohen_kappa    0.5766
